// Jest Snapshot v1, https://goo.gl/fbAQLP

exports[`<Button /> toMatchSnapshot 1`] = `
<button
  className="Button-hYXUXp dJyYHf"
/>
`;
