// Jest Snapshot v1, https://goo.gl/fbAQLP

exports[`<Select /> toMatchSnapshot 1`] = `
<select
  className="Select-eZBaHc lmGDrE"
>
  <option
    value="1"
  >
    1
  </option>
</select>
`;
