// Jest Snapshot v1, https://goo.gl/fbAQLP

exports[`<A /> should match to spapshot 1`] = `
<a
  class="sc-bdVaJa hRCBNk"
/>
`;
