// Jest Snapshot v1, https://goo.gl/fbAQLP

exports[`<Header /> toMatchSnapshot 1`] = `
<div
  className="Header-dJBcYZ jjYBYa"
/>
`;
