// Jest Snapshot v1, https://goo.gl/fbAQLP

exports[`<A /> toMatchSnapshot 1`] = `
<a
  className="A-bJefwH fQFvhx"
/>
`;
