// Jest Snapshot v1, https://goo.gl/fbAQLP

exports[`<Button /> should match to spapshot 1`] = `
<button
  className="Button-kDSBcD cGlyDV"
/>
`;
