// Jest Snapshot v1, https://goo.gl/fbAQLP

exports[`<Header /> should match to spapshot 1`] = `
<div
  className="Header-bKPLEa eAZYFB"
/>
`;
