// Jest Snapshot v1, https://goo.gl/fbAQLP

exports[`<Loading /> should match snapshot 1`] = `
<styled.div>
  <onlyUpdateForKeys(Loader)
    color="#36D7B7"
    loading={true}
    size={100}
    sizeUnit="px"
  />
</styled.div>
`;
