// Jest Snapshot v1, https://goo.gl/fbAQLP

exports[`<Select /> should match to spapshot 1`] = `
<select
  className="sc-bdVaJa bDWFJH"
>
  <option
    value="1"
  >
    1
  </option>
</select>
`;
