// Jest Snapshot v1, https://goo.gl/fbAQLP

exports[`<Login /> snapshotが一致すること 1`] = `<withRouter(LoginButton) />`;
