// Jest Snapshot v1, https://goo.gl/fbAQLP

exports[`<LoginButton /> snapshotが一致すること 1`] = `
<div>
  <span
    data-test="login-btn"
    onClick={[Function]}
  >
    Google Login
  </span>
</div>
`;
