// Jest Snapshot v1, https://goo.gl/fbAQLP

exports[`<History /> pass empty array should match to snapshot 1`] = `
<indexstyle__Container>
  <indexstyle__Header>
    History
  </indexstyle__Header>
  <indexstyle__SelectBoxWrapper>
    <Select
      defaultValue="1week"
      onChange={[Function]}
    >
      <option
        value="1week"
      >
        1week
      </option>
      <option
        value="1month"
      >
        1month
      </option>
      <option
        value="all"
      >
        all
      </option>
    </Select>
  </indexstyle__SelectBoxWrapper>
  <Table
    enzyme-testid="history-table"
  >
    <Table__Tbody>
      <Table__Tr>
        <Table__Th>
          date
        </Table__Th>
        <Table__Th>
          total
        </Table__Th>
        <Table__Th>
          in
        </Table__Th>
        <Table__Th>
          out
        </Table__Th>
      </Table__Tr>
      <Table__Tr
        enzyme-testid="history-table-na"
      >
        <Table__Td>
          N/A
        </Table__Td>
        <Table__Td>
          N/A
        </Table__Td>
        <Table__Td>
          N/A
        </Table__Td>
        <Table__Td>
          N/A
        </Table__Td>
      </Table__Tr>
    </Table__Tbody>
  </Table>
</indexstyle__Container>
`;

exports[`<History /> pass first time clock in data should match to snapshot 1`] = `
<indexstyle__Container>
  <indexstyle__Header>
    History
  </indexstyle__Header>
  <indexstyle__SelectBoxWrapper>
    <Select
      defaultValue="1week"
      onChange={[Function]}
    >
      <option
        value="1week"
      >
        1week
      </option>
      <option
        value="1month"
      >
        1month
      </option>
      <option
        value="all"
      >
        all
      </option>
    </Select>
  </indexstyle__SelectBoxWrapper>
  <Table
    enzyme-testid="history-table"
  >
    <Table__Tbody>
      <Table__Tr>
        <Table__Th>
          date
        </Table__Th>
        <Table__Th>
          total
        </Table__Th>
        <Table__Th>
          in
        </Table__Th>
        <Table__Th>
          out
        </Table__Th>
      </Table__Tr>
      <Table__Tr
        enzyme-testid="history-table-na"
      >
        <Table__Td>
          N/A
        </Table__Td>
        <Table__Td>
          N/A
        </Table__Td>
        <Table__Td>
          N/A
        </Table__Td>
        <Table__Td>
          N/A
        </Table__Td>
      </Table__Tr>
    </Table__Tbody>
  </Table>
</indexstyle__Container>
`;
