// Jest Snapshot v1, https://goo.gl/fbAQLP

exports[`<History /> pass empty array should be match snapshot 1`] = `
<History__Container>
  <History__Header>
    History
  </History__Header>
  <History__SelectBoxWrapper>
    <Select>
      <option>
        latest 1week
      </option>
      <option
        selected={true}
      >
        latest 1month
      </option>
      <option>
        2018/01
      </option>
    </Select>
  </History__SelectBoxWrapper>
  <Table>
    <Table__Tbody>
      <Table__Tr>
        <Table__Th>
          date
        </Table__Th>
        <Table__Th>
          total
        </Table__Th>
        <Table__Th>
          in
        </Table__Th>
        <Table__Th>
          out
        </Table__Th>
      </Table__Tr>
      <Table__Tr>
        <Table__Td>
          N/A
        </Table__Td>
        <Table__Td>
          N/A
        </Table__Td>
        <Table__Td>
          N/A
        </Table__Td>
        <Table__Td>
          N/A
        </Table__Td>
      </Table__Tr>
    </Table__Tbody>
  </Table>
</History__Container>
`;

exports[`<History /> pass first time clock in data should be match snapshot 1`] = `
<History__Container>
  <History__Header>
    History
  </History__Header>
  <History__SelectBoxWrapper>
    <Select>
      <option>
        latest 1week
      </option>
      <option
        selected={true}
      >
        latest 1month
      </option>
      <option>
        2018/01
      </option>
    </Select>
  </History__SelectBoxWrapper>
  <Table>
    <Table__Tbody>
      <Table__Tr>
        <Table__Th>
          date
        </Table__Th>
        <Table__Th>
          total
        </Table__Th>
        <Table__Th>
          in
        </Table__Th>
        <Table__Th>
          out
        </Table__Th>
      </Table__Tr>
      <Table__Tr>
        <Table__Td>
          N/A
        </Table__Td>
        <Table__Td>
          N/A
        </Table__Td>
        <Table__Td>
          N/A
        </Table__Td>
        <Table__Td>
          N/A
        </Table__Td>
      </Table__Tr>
    </Table__Tbody>
  </Table>
</History__Container>
`;
