// Jest Snapshot v1, https://goo.gl/fbAQLP

exports[`Component: App.index snapshot 1`] = `
<QueryRecyclerProvider>
  <Apollo(withRouter(App)) />
</QueryRecyclerProvider>
`;
