// Jest Snapshot v1, https://goo.gl/fbAQLP

exports[`Component: SignIn snapshot 1`] = `
<Route
  render={[Function]}
/>
`;
