// Jest Snapshot v1, https://goo.gl/fbAQLP

exports[`Component: LoginButton snapshot 1`] = `
<Route
  render={[Function]}
/>
`;
