// Jest Snapshot v1, https://goo.gl/fbAQLP

exports[`Component: CreateUser.index snapshot 1`] = `
<QueryRecyclerProvider>
  <Apollo(Apollo(withRouter(CreateUser))) />
</QueryRecyclerProvider>
`;
